// Jest Snapshot v1, https://goo.gl/fbAQLP

exports[`404 Page should render 404 page 1`] = `
<div>
  <div>
    oops page not found
  </div>
</div>
`;
